../Core/Src/main.c:153:6:HAL_TIM_IC_CaptureCallback	32	static
../Core/Src/main.c:177:5:_write	32	static
../Core/Src/main.c:192:5:main	48	static
../Core/Src/main.c:413:6:SystemClock_Config	112	static
../Core/Src/main.c:461:13:MX_ADC_Init	24	static
../Core/Src/main.c:547:13:MX_I2C1_Init	8	static
../Core/Src/main.c:595:13:MX_I2C2_Init	8	static
../Core/Src/main.c:643:13:MX_TIM3_Init	64	static
../Core/Src/main.c:692:13:MX_TIM6_Init	16	static
../Core/Src/main.c:730:13:MX_USART1_UART_Init	8	static
../Core/Src/main.c:765:13:MX_GPIO_Init	48	static
../Core/Src/main.c:834:6:updateTDA	40	static
../Core/Src/main.c:872:6:Flash_Write_Data	24	static
../Core/Src/main.c:885:10:Flash_Read_Data	24	static
../Core/Src/main.c:892:6:lcd_write_string	16	static
../Core/Src/main.c:897:6:lcd_write_bars	48	static
../Core/Src/main.c:926:6:lcd_write_selection	24	static
../Core/Src/main.c:935:6:HAL_TIM_PeriodElapsedCallback	16	static
../Core/Src/main.c:944:9:diff	24	static
../Core/Src/main.c:955:6:ADC_DMA_Init	8	static
../Core/Src/main.c:996:6:ADC_Start_Conversion	8	static
../Core/Src/main.c:1009:6:Error_Handler	8	static,ignoring_inline_asm
